<?php
$feed = new ezcFeed( 'rss1' );

$feed->title = 'Feed title';
$feed->link = 'Feed link';
$feed->description = 'Feed description';

$textInput = $feed->add( 'textInput' );
$textInput->about = 'Textinput about';

$feed->about = 'Channel about';

return $feed;
?>
