0737:[5]
0738:[-42]
0739:[-5]
0740:[42]
0741:[0]
0742:[0]
0743:[0]
0744:[0]
0745:[0]
0746:[0]
0747:[false]
0748:[false]
0749:[false]
0750:[false]
0751:[true]
0752:[true]
0753:[true]
0754:[true]
0755:[true]
0756:[true]
0757:[true]
0758:[true]
0759:[false]
0760:[false]
0761:[false]
0762:[false]
0763:[false]
0764:[false]
0765:[true]
0766:[true]
0767:['5']
0768:['-42']
