mock:1:13: Expecting an array.

{cycle $a = 5}
            ^
