<?php
$feed = new ezcFeed( 'atom' );
$feed->id = null;
return $feed;
?>
