mock:5:3: Unexpected array append '[]'. Did you forget an expresssion between the brackets?

[2]}
  ^
