mock:4:3: Unexpected array append '[]'. Did you forget an expression between the brackets?

[2]}
  ^
