<?php
$feed = new ezcFeed( 'rss2' );
$feed->title = 'Feed title';

$link = $feed->add( 'link' );
$link->set( 'Feed link' );

$feed->description = 'Feed description';

$item = $feed->add( 'item' );
$item->title = 'Item title 1';
$item->link = 'Item link 1';
$item->description = 'Item description 1';

$module = $item->addModule( 'DublinCore' );
$element = $module->add( 'creator' );
$element->set( 'DC creator 1' );

$item = $feed->add( 'item' );
$item->title = 'Item title 2';
$item->link = 'Item link 2';
$item->description = 'Item description 2';

$module = $item->addModule( 'DublinCore' );
$element = $module->add( 'creator' );
$element->set( 'DC creator 2' );

return $feed;
?>
