<?php
$feed = new ezcFeed( 'atom' );

$feed->id = 'Feed id';
$feed->title = 'Feed title';
$feed->updated = 'Feed updated';

$entry = $feed->add( 'entry' );
$entry->id = 'Entry id';
$entry->title = 'Entry title';
$entry->updated = 1195053820;

$entry->summary = 'Entry summary';

return $feed;
?>
