<?php
$feed = new ezcFeed( 'rss2' );
$feed->title = 'Feed title';

$link = $feed->add( 'link' );
$link->set( 'Feed link' );

$feed->description = 'Feed description';

$module = $feed->addModule( 'CreativeCommons' );
$module->license = 'CreativeCommons license feed';

$item = $feed->add( 'item' );
$item->title = 'Item title';
$item->link = 'Item link';
$item->description = 'Item description';

return $feed;
?>
