mock:1:5: The variable name is invalid.

{var $:a}
      ^
The namespace marker (:) was used in template engine in eZ publish 3.x but is no longer allowed.

failed in:
ezcTemplateProgramSourceToTstParser
 -> ezcTemplateBlockSourceToTstParser
  -> ezcTemplateDeclarationBlockSourceToTstParser
   -> ezcTemplateVariableSourceToTstParser
