mock:2:1: The symbol <$a> is already declared.

{use $a}
^

failed in:
ezcTemplateProgramSourceToTstParser
 -> ezcTemplateBlockSourceToTstParser
  -> ezcTemplateDeclarationBlockSourceToTstParser
