mock:1:1: Expecting an expression, not an identifier. (Braces missing?)

{var $a = str_len "aaab")}
                 ^

failed in:
ezcTemplateProgramSourceToTstParser
 -> ezcTemplateBlockSourceToTstParser
  -> ezcTemplateDeclarationBlockSourceToTstParser
