mock:1:1: Unknown block <str_len>.

{str_len "a
 ^

failed in:
ezcTemplateProgramSourceToTstParser
 -> ezcTemplateBlockSourceToTstParser
