<?php
$feed = new ezcFeed( 'rss1' );

$feed->title = 'Feed title';
$feed->link = 'Feed link';
$feed->description = 'Feed description';

$image = $feed->add( 'image' );

return $feed;
?>
