mock:1:1: Boolean type must use lowercase characters only.

{TRue}
 ^
Acceptable values are: 'true' or 'false'

failed in:
ezcTemplateProgramSourceToTstParser
 -> ezcTemplateBlockSourceToTstParser
  -> ezcTemplateExpressionBlockSourceToTstParser
   -> ezcTemplateExpressionSourceToTstParser
    -> ezcTemplateLiteralSourceToTstParser
     -> ezcTemplateBoolSourceToTstParser
