<?php
$feed = new ezcFeed( 'rss2' );
$feed->title = 'Feed title';

$link = $feed->add( 'link' );
$link->set( 'Feed link' );

$feed->description = 'Feed description';

$item = $feed->add( 'item' );
$item->title = 'Item title';
$item->link = 'Item link';
$item->description = 'Item description';

$category = $item->add( 'category' );
$category->set( 'Item category 1' );
$category->domain = 'Category domain 1';

$category = $item->add( 'category' );
$category->set( 'Item category 2' );
$category->domain = 'Category domain 2';

return $feed;
?>
