There was no data submitted for required channel attribute 'registerProcedure'.
