mock:1:1: Expecting an operand without a pre- or post operator.

{1 + ++1}
     ^

failed in:
ezcTemplateProgramSourceToTstParser
 -> ezcTemplateBlockSourceToTstParser
  -> ezcTemplateExpressionBlockSourceToTstParser
   -> ezcTemplateExpressionSourceToTstParser
