mock:1:1: Expecting a variable

{++not_a_vari
   ^

failed in:
ezcTemplateProgramSourceToTstParser
 -> ezcTemplateBlockSourceToTstParser
  -> ezcTemplateExpressionBlockSourceToTstParser
   -> ezcTemplateExpressionSourceToTstParser
