1. 2006-05-11
2. 2006-05-11 15:05:52
3.  correct     correct 