mock:2:18: Expecting an array.

{foreach $a as $i}
        ^
