<?php
$feed = new ezcFeed( 'rss2' );

$feed->title = 'Feed title';

$link = $feed->add( 'link' );
$link->set( 'Feed link' );

$feed->description = 'Feed description';
$skipHours = $feed->add( 'skipHours' );
$hour = $skipHours->add( 'hour' );
$hour->set( '0' );

return $feed;
?>
