The attribute 'rel="alternate"' supports only singular values.
