<?php
$feed = new ezcFeed( 'rss2' );

$feed->title = 'Feed title';

$link = $feed->add( 'link' );
$link->set( 'Feed link' );

$feed->description = 'Feed description';

$feed->rating = 'Feed rating';

return $feed;
?>
