<?php
$feed = new ezcFeed( 'rss1' );

$feed->title = 'Feed title';
$feed->description = 'Feed description';
$feed->link = 'Feed link';

$item = $feed->add( 'item' );
$item->title = 'Item title';
$item->link = 'Item link';
$item->about = 'Item link';

return $feed;
?>
