mock:6:17: Open and close block do not match: {else} and {/delimiter}

    {/delimiter}
                ^
