mock:5:6: Found closing block {/if} which does not match previous block {foreach}

{/if}
     ^
