mock:6:15: Open and close block do not match: {else} and {/foreach}

    {/foreach}
              ^
