mock:5:8: Open and close block do not match: {default} and {/case}

{/case}
       ^
