mock:6:17: Open and close block do not match: {switch} and {/delimiter}

    {/delimiter}
                ^
